// Jest Snapshot v1, https://goo.gl/fbAQLP

exports[`await-keywords.js [babel-flow] format 1`] = `
"'await' is only allowed within async functions and at the top levels of modules. (12:7)
  10 |
  11 | export class C2 {
> 12 |   p = await 0;
     |       ^
  13 | }
  14 |
  15 | function foo(promise) { await (promise); }
Cause: 'await' is only allowed within async functions and at the top levels of modules. (12:6)"
`;

exports[`await-keywords.js format 1`] = `
====================================options=====================================
parsers: ["flow"]
printWidth: 80
                                                                                | printWidth
=====================================input======================================
export class C1 {
  p = await (0);
}

await (0);

async function foo() {
  function bar(x = await (2)) {}
}

export class C2 {
  p = await 0;
}

function foo(promise) { await (promise); }

function a() {
  return await (1)
}

() => { await (x) };

function foo() {
  await
  (foo);
}

export class C {
  p = await (0);
}

await (0);

=====================================output=====================================
export class C1 {
  p = await(0);
}

await(0);

async function foo() {
  function bar(x = await(2)) {}
}

export class C2 {
  p = await;
  0;
}

function foo(promise) {
  await(promise);
}

function a() {
  return await(1);
}

() => {
  await(x);
};

function foo() {
  await(foo);
}

export class C {
  p = await(0);
}

await(0);

================================================================================
`;
