// Jest Snapshot v1, https://jestjs.io/docs/snapshot-testing

exports[`main.js format 1`] = `
====================================options=====================================
parsers: ["flow"]
printWidth: 80
                                                                                | printWidth
=====================================input======================================
// @flow
var React = require('react');
(<fbt />: React.Element<*>);
(<fbt />: number); // Error: ReactElement ~> number

=====================================output=====================================
// @flow
var React = require("react");
(<fbt />: React.Element<*>);
(<fbt />: number); // Error: ReactElement ~> number

================================================================================
`;
