// Jest Snapshot v1, https://goo.gl/fbAQLP

exports[`A2.js format 1`] = `
====================================options=====================================
parsers: ["flow"]
printWidth: 80
                                                                                | printWidth
=====================================input======================================
/**
 * @providesModule B
 * @flow
 */

=====================================output=====================================
/**
 * @providesModule B
 * @flow
 */

================================================================================
`;
