// Jest Snapshot v1, https://jestjs.io/docs/snapshot-testing

exports[`18160.ts [hermes] format 1`] = `
"';' expected (7:2)
   5 | comment
   6 | */Foo;
>  7 | 1 satisfies /*
     |  ^
   8 | comment
   9 | */Foo;
  10 |
Cause: ';' expected (7:2)
1 satisfies /*
  ^"
`;

exports[`18160.ts format 1`] = `
====================================options=====================================
parsers: ["typescript", "flow"]
printWidth: 80
                                                                                | printWidth
=====================================input======================================
1 as /*
comment
*/const;
1 as /*
comment
*/Foo;
1 satisfies /*
comment
*/Foo;

1 as
/*
comment
*/const;
1 as
/*
comment
*/Foo;
1 satisfies
/*
comment
*/Foo;

1 as /*
comment
*/
const;
1 as /*
comment
*/
Foo;
1 satisfies /*
comment
*/
Foo;

1 as
/*
comment
*/
const;
1 as
/*
comment
*/
Foo;
1 satisfies
/*
comment
*/
Foo;

1 as // comment
const;
1 as // comment
Foo;
1 satisfies // comment
Foo;

=====================================output=====================================
1 as const /*
comment
*/;
1 as Foo /*
comment
*/;
1 satisfies Foo /*
comment
*/;

1 as const;
/*
comment
*/
1 as Foo;
/*
comment
*/
1 satisfies Foo;
/*
comment
*/

1 as const /*
comment
*/;
1 as Foo /*
comment
*/;
1 satisfies Foo /*
comment
*/;

1 as const;
/*
comment
*/
1 as Foo;
/*
comment
*/
1 satisfies Foo;
/*
comment
*/

1 as const; // comment
1 as Foo; // comment
1 satisfies Foo; // comment

================================================================================
`;
